// Jest Snapshot v1, https://goo.gl/fbAQLP

exports[`class-static-block 1`] = `"Unexpected token ')'"`;
