// Jest Snapshot v1, https://goo.gl/fbAQLP

exports[`class-properties 1`] = `"Unexpected token ';'"`;
