// Jest Snapshot v1, https://goo.gl/fbAQLP

exports[`do-expressions 1`] = `"Unexpected token ')'"`;
