// Jest Snapshot v1, https://goo.gl/fbAQLP

exports[`json-strings 1`] = `"Invalid or unexpected token"`;
