// Jest Snapshot v1, https://goo.gl/fbAQLP

exports[`nullish-coalescing-operator 1`] = `"Unexpected token '.'"`;
