// Jest Snapshot v1, https://goo.gl/fbAQLP

exports[`partial-application 1`] = `"addOne is not a function"`;
