// Jest Snapshot v1, https://goo.gl/fbAQLP

exports[`pipeline-operator 1`] = `"Unexpected token >"`;
