// Jest Snapshot v1, https://goo.gl/fbAQLP

exports[`private-property-in-object 1`] = `"Unexpected identifier"`;
