// Jest Snapshot v1, https://goo.gl/fbAQLP

exports[`private-methods 1`] = `"Unexpected token ';'"`;
