// Jest Snapshot v1, https://goo.gl/fbAQLP

exports[`throw-expressions 1`] = `"Unexpected token )"`;
