// Jest Snapshot v1, https://goo.gl/fbAQLP

exports[`v8intrinsic 1`] = `"Unexpected token %"`;
